// Jest Snapshot v1, https://goo.gl/fbAQLP

exports[`test 1`] = `
<View
  style={
    Object {
      "flex": 1,
    }
  }
>
  <Image
    source={1}
    style={
      Object {
        "flex": 1,
        "height": null,
        "width": null,
      }
    }
  />
</View>
`;
